// Jest Snapshot v1, https://goo.gl/fbAQLP

exports[`Card should match the snapshot with all data passed in correctly 1`] = `
ShallowWrapper {
  Symbol(enzyme.__root__): [Circular],
  Symbol(enzyme.__unrendered__): <Card
    body="brown and spotty"
    removeCard={[MockFunction]}
    title="Bananas"
  />,
  Symbol(enzyme.__renderer__): Object {
    "batchedUpdates": [Function],
    "getNode": [Function],
    "render": [Function],
    "simulateError": [Function],
    "simulateEvent": [Function],
    "unmount": [Function],
  },
  Symbol(enzyme.__node__): Object {
    "instance": null,
    "key": undefined,
    "nodeType": "host",
    "props": Object {
      "children": Array [
        <h1>
          Bananas
        </h1>,
        <p>
          brown and spotty
        </p>,
        <button>
          favorite
        </button>,
        <button
          className="btn-remove"
          onClick={[Function]}
        >
          X
        </button>,
      ],
      "className": "Card undefined",
    },
    "ref": null,
    "rendered": Array [
      Object {
        "instance": null,
        "key": undefined,
        "nodeType": "host",
        "props": Object {
          "children": "Bananas",
        },
        "ref": null,
        "rendered": "Bananas",
        "type": "h1",
      },
      Object {
        "instance": null,
        "key": undefined,
        "nodeType": "host",
        "props": Object {
          "children": "brown and spotty",
        },
        "ref": null,
        "rendered": "brown and spotty",
        "type": "p",
      },
      Object {
        "instance": null,
        "key": undefined,
        "nodeType": "host",
        "props": Object {
          "children": "favorite",
        },
        "ref": null,
        "rendered": "favorite",
        "type": "button",
      },
      Object {
        "instance": null,
        "key": undefined,
        "nodeType": "host",
        "props": Object {
          "children": "X",
          "className": "btn-remove",
          "onClick": [Function],
        },
        "ref": null,
        "rendered": "X",
        "type": "button",
      },
    ],
    "type": "div",
  },
  Symbol(enzyme.__nodes__): Array [
    Object {
      "instance": null,
      "key": undefined,
      "nodeType": "host",
      "props": Object {
        "children": Array [
          <h1>
            Bananas
          </h1>,
          <p>
            brown and spotty
          </p>,
          <button>
            favorite
          </button>,
          <button
            className="btn-remove"
            onClick={[Function]}
          >
            X
          </button>,
        ],
        "className": "Card undefined",
      },
      "ref": null,
      "rendered": Array [
        Object {
          "instance": null,
          "key": undefined,
          "nodeType": "host",
          "props": Object {
            "children": "Bananas",
          },
          "ref": null,
          "rendered": "Bananas",
          "type": "h1",
        },
        Object {
          "instance": null,
          "key": undefined,
          "nodeType": "host",
          "props": Object {
            "children": "brown and spotty",
          },
          "ref": null,
          "rendered": "brown and spotty",
          "type": "p",
        },
        Object {
          "instance": null,
          "key": undefined,
          "nodeType": "host",
          "props": Object {
            "children": "favorite",
          },
          "ref": null,
          "rendered": "favorite",
          "type": "button",
        },
        Object {
          "instance": null,
          "key": undefined,
          "nodeType": "host",
          "props": Object {
            "children": "X",
            "className": "btn-remove",
            "onClick": [Function],
          },
          "ref": null,
          "rendered": "X",
          "type": "button",
        },
      ],
      "type": "div",
    },
  ],
  Symbol(enzyme.__options__): Object {
    "adapter": ReactSixteenAdapter {
      "options": Object {
        "enableComponentDidUpdateOnSetState": true,
        "lifecycles": Object {
          "componentDidUpdate": Object {
            "onSetState": true,
          },
          "getDerivedStateFromProps": true,
          "getSnapshotBeforeUpdate": true,
          "setState": Object {
            "skipsComponentDidUpdateOnNullish": true,
          },
        },
      },
    },
  },
}
`;
